<?xml version="1.0" encoding="utf-8"?>
<doctrine-mapping xmlns="http://doctrine-project.org/schemas/orm/doctrine-mapping"
                  xmlns:xsi="http://www.w3.org/2001/XMLSchema-instance"
                  xsi:schemaLocation="http://doctrine-project.org/schemas/orm/doctrine-mapping http://doctrine-project.org/schemas/orm/doctrine-mapping.xsd">
    <entity repository-class="Vendor\Test\UserRiskLevelApiBundle\Repository\AuditableManualRuleRepository"
            name="Vendor\Test\UserRiskLevelApiBundle\Entity\AuditableManualRule" table="user_risk_level_api_auditable_manual_rules">

        <id name="id" type="integer" column="id">
            <generator strategy="IDENTITY"/>
        </id>
        <!--TODO: generated_code <field name="manualRule" column="manual_rule" nullable="false" type="reference"/>-->
        <!--TODO: generated_code <field name="auditRecord" column="audit_record" nullable="false" type="reference"/>-->
        
    </entity>
</doctrine-mapping>
