<?xml version="1.0" encoding="utf-8"?>
<doctrine-mapping xmlns="http://doctrine-project.org/schemas/orm/doctrine-mapping"
                  xmlns:xsi="http://www.w3.org/2001/XMLSchema-instance"
                  xsi:schemaLocation="http://doctrine-project.org/schemas/orm/doctrine-mapping http://doctrine-project.org/schemas/orm/doctrine-mapping.xsd">
    <entity repository-class="Vendor\Test\UserRiskLevelApiBundle\Repository\RiskLevelRepository"
            name="Vendor\Test\UserRiskLevelApiBundle\Entity\RiskLevel" table="user_risk_level_api_risk_levels">

        <id name="id" type="integer" column="id">
            <generator strategy="IDENTITY"/>
        </id>
        <field name="userId" column="user_id" nullable="false" type="string"/>
        <field name="level" column="level" nullable="true" type="string"/>
        <field name="calculatedAt" column="calculated_at" nullable="false" type="datetime"/>
        <!--TODO: generated_code non-scalar property <field name="riskRules" column="risk_rules" nullable="true" type="array"/>-->
        
    </entity>
</doctrine-mapping>
