<?xml version="1.0" ?>

<container xmlns="http://symfony.com/schema/dic/services"
           xmlns:xsi="http://www.w3.org/2001/XMLSchema-instance"
           xsi:schemaLocation="http://symfony.com/schema/dic/services http://symfony.com/schema/dic/services/services-1.0.xsd">

    <services>
        <service id="vendor_issued_payment_card_api.normalizer.card_issue_price"
                 class="Vendor\Test\IssuedPaymentCardApiBundle\Normalizer\CardIssuePriceNormalizer">
            <argument type="service" id="vendor_issued_payment_card_api.normalizer.money"/>
        </service>
        <service id="vendor_issued_payment_card_api.normalizer.money"
                 class="Evp\Component\Money\MoneyNormalizer">
        </service>
        
        
    </services>
</container>
