<?xml version="1.0" ?>

<container xmlns="http://symfony.com/schema/dic/services"
           xmlns:xsi="http://www.w3.org/2001/XMLSchema-instance"
           xsi:schemaLocation="http://symfony.com/schema/dic/services http://symfony.com/schema/dic/services/services-1.0.xsd">

    <services>
        <service id="vendor_issued_payment_card_api.card_issue_price_manager"
                 class="Vendor\Test\IssuedPaymentCardApiBundle\Service\CardIssuePriceManager">
            <argument type="service" id="vendor_issued_payment_card_api.repository.card_issue_price"/>
            <argument type="service" id="doctrine.orm.entity_manager"/>
        </service>
        <service id="vendor_issued_payment_card_api.voter.card_issue_price_scope"
                 class="Vendor\Test\IssuedPaymentCardApiBundle\Voter\CardIssuePriceScopeVoter"
                 parent="paysera_security.security.context_aware_scope_voter"
                 public="false">
            <tag name="security.voter"/>
        </service>
        
        
    </services>
</container>
