{
  "server": {
    "baseDir": "./"
  },
  "startPath": "demo/index.html"
}
