<?xml version="1.0" ?>

<container xmlns="http://symfony.com/schema/dic/services"
           xmlns:xsi="http://www.w3.org/2001/XMLSchema-instance"
           xsi:schemaLocation="http://symfony.com/schema/dic/services http://symfony.com/schema/dic/services/services-1.0.xsd">

    <services>
        <service id="vendor_transfer_surveillance_api.controller.transfer_api"
                 class="Vendor\Test\TransferSurveillanceApiBundle\Controller\TransferApiController">
            <argument type="service" id="vendor_transfer_surveillance_api.transfer_manager"/>
            <argument type="service" id="paysera_security.service.authorization_checker"/>
            <argument type="service" id="doctrine.orm.entity_manager"/>
        </service>
        <service id="vendor_transfer_surveillance_api.controller.matcher_api"
                 class="Vendor\Test\TransferSurveillanceApiBundle\Controller\MatcherApiController">
            <argument type="service" id="vendor_transfer_surveillance_api.matcher_manager"/>
            <argument type="service" id="paysera_security.service.authorization_checker"/>
            <argument type="service" id="doctrine.orm.entity_manager"/>
        </service>
        <service id="vendor_transfer_surveillance_api.controller.criterion_api"
                 class="Vendor\Test\TransferSurveillanceApiBundle\Controller\CriterionApiController">
            <argument type="service" id="vendor_transfer_surveillance_api.criterion_manager"/>
            <argument type="service" id="paysera_security.service.authorization_checker"/>
            <argument type="service" id="doctrine.orm.entity_manager"/>
        </service>
        <service id="vendor_transfer_surveillance_api.controller.rule_api"
                 class="Vendor\Test\TransferSurveillanceApiBundle\Controller\RuleApiController">
            <argument type="service" id="vendor_transfer_surveillance_api.rule_result_provider"/>
            <argument type="service" id="vendor_transfer_surveillance_api.rule_manager"/>
            <argument type="service" id="paysera_security.service.authorization_checker"/>
            <argument type="service" id="doctrine.orm.entity_manager"/>
        </service>
        
    </services>
</container>
