<?xml version="1.0" ?>

<container xmlns="http://symfony.com/schema/dic/services"
           xmlns:xsi="http://www.w3.org/2001/XMLSchema-instance"
           xsi:schemaLocation="http://symfony.com/schema/dic/services http://symfony.com/schema/dic/services/services-1.0.xsd">

    <services>
        <service id="vendor_category_api.controller.category_api"
                 class="Vendor\Test\CategoryApiBundle\Controller\CategoryApiController">
            <argument type="service" id="vendor_category_api.category_manager"/>
            <argument type="service" id="paysera_security.service.authorization_checker"/>
            <argument type="service" id="doctrine.orm.entity_manager"/>
        </service>
        <service id="vendor_category_api.controller.keyword_api"
                 class="Vendor\Test\CategoryApiBundle\Controller\KeywordApiController">
            <argument type="service" id="vendor_category_api.keyword_manager"/>
            <argument type="service" id="paysera_security.service.authorization_checker"/>
            <argument type="service" id="doctrine.orm.entity_manager"/>
        </service>
        
    </services>
</container>
