<?xml version="1.0" encoding="utf-8"?>
<doctrine-mapping xmlns="http://doctrine-project.org/schemas/orm/doctrine-mapping"
                  xmlns:xsi="http://www.w3.org/2001/XMLSchema-instance"
                  xsi:schemaLocation="http://doctrine-project.org/schemas/orm/doctrine-mapping http://doctrine-project.org/schemas/orm/doctrine-mapping.xsd">
    <entity repository-class="Vendor\Test\CategoryApiBundle\Repository\CategoryRepository"
            name="Vendor\Test\CategoryApiBundle\Entity\Category" table="category_api_categories">

        <id name="id" type="integer" column="id">
            <generator strategy="IDENTITY"/>
        </id>
        <field name="parentId" column="parent_id" nullable="true" type="string"/>
        <!--TODO: generated_code non-scalar property <field name="titles" column="titles" nullable="false" type="array"/>-->
        <field name="status" column="status" nullable="true" type="string"/>
        
    </entity>
</doctrine-mapping>
