<?xml version="1.0" ?>

<container xmlns="http://symfony.com/schema/dic/services"
           xmlns:xsi="http://www.w3.org/2001/XMLSchema-instance"
           xsi:schemaLocation="http://symfony.com/schema/dic/services http://symfony.com/schema/dic/services/services-1.0.xsd">

    <services>
        <service id="vendor_custom_api.api.something"
                 class="Paysera\Bundle\RestBundle\RestApi">
            <tag name="paysera_rest.api" api_key="vendor_custom_api.something"/>
            <argument type="service" id="service_container"/>
            <argument type="service" id="logger"/>
                                

            
        </service>
        
    </services>
</container>
