<?xml version="1.0" encoding="utf-8"?>
<doctrine-mapping xmlns="http://doctrine-project.org/schemas/orm/doctrine-mapping"
                  xmlns:xsi="http://www.w3.org/2001/XMLSchema-instance"
                  xsi:schemaLocation="http://doctrine-project.org/schemas/orm/doctrine-mapping http://doctrine-project.org/schemas/orm/doctrine-mapping.xsd">
    <entity repository-class="Vendor\Test\TransferApiBundle\Repository\FinalBeneficiaryRepository"
            name="Vendor\Test\TransferApiBundle\Entity\FinalBeneficiary" table="transfer_api_final_beneficiaries">

        <id name="id" type="integer" column="id">
            <generator strategy="IDENTITY"/>
        </id>
        <field name="name" column="name" nullable="true" type="string"/>
        <!--TODO: generated_code <field name="identifiers" column="identifiers" nullable="true" type="reference"/>-->
        <field name="personType" column="person_type" nullable="true" type="string"/>
        
    </entity>
</doctrine-mapping>
