<?xml version="1.0" encoding="utf-8"?>
<doctrine-mapping xmlns="http://doctrine-project.org/schemas/orm/doctrine-mapping"
                  xmlns:xsi="http://www.w3.org/2001/XMLSchema-instance"
                  xsi:schemaLocation="http://doctrine-project.org/schemas/orm/doctrine-mapping http://doctrine-project.org/schemas/orm/doctrine-mapping.xsd">
    <entity repository-class="Vendor\Test\TransferApiBundle\Repository\PayerRepository"
            name="Vendor\Test\TransferApiBundle\Entity\Payer" table="transfer_api_payers">

        <id name="id" type="integer" column="id">
            <generator strategy="IDENTITY"/>
        </id>
        <field name="accountNumber" column="account_number" nullable="false" type="string"/>
        <field name="reference" column="reference" nullable="true" type="string"/>
        
    </entity>
</doctrine-mapping>
