<?xml version="1.0" encoding="utf-8"?>
<doctrine-mapping xmlns="http://doctrine-project.org/schemas/orm/doctrine-mapping"
                  xmlns:xsi="http://www.w3.org/2001/XMLSchema-instance"
                  xsi:schemaLocation="http://doctrine-project.org/schemas/orm/doctrine-mapping http://doctrine-project.org/schemas/orm/doctrine-mapping.xsd">
    <entity repository-class="Vendor\Test\TransferApiBundle\Repository\TransferPassword34Repository"
            name="Vendor\Test\TransferApiBundle\Entity\TransferPassword34" table="transfer_api_transfer_password34s">

        <id name="id" type="integer" column="id">
            <generator strategy="IDENTITY"/>
        </id>
        <field name="status" column="status" nullable="true" type="string"/>
        <field name="value" column="value" nullable="false" type="string"/>
        
    </entity>
</doctrine-mapping>
