<?xml version="1.0" encoding="utf-8"?>
<doctrine-mapping xmlns="http://doctrine-project.org/schemas/orm/doctrine-mapping"
                  xmlns:xsi="http://www.w3.org/2001/XMLSchema-instance"
                  xsi:schemaLocation="http://doctrine-project.org/schemas/orm/doctrine-mapping http://doctrine-project.org/schemas/orm/doctrine-mapping.xsd">
    <entity repository-class="Vendor\Test\TransferApiBundle\Repository\TransferInitiatorRepository"
            name="Vendor\Test\TransferApiBundle\Entity\TransferInitiator" table="transfer_api_transfer_initiators">

        <id name="id" type="integer" column="id">
            <generator strategy="IDENTITY"/>
        </id>
        <field name="userId" column="user_id" nullable="true" type="string"/>
        <field name="clientId" column="client_id" nullable="true" type="string"/>
        
    </entity>
</doctrine-mapping>
