<?xml version="1.0" encoding="utf-8"?>
<doctrine-mapping xmlns="http://doctrine-project.org/schemas/orm/doctrine-mapping"
                  xmlns:xsi="http://www.w3.org/2001/XMLSchema-instance"
                  xsi:schemaLocation="http://doctrine-project.org/schemas/orm/doctrine-mapping http://doctrine-project.org/schemas/orm/doctrine-mapping.xsd">
    <entity repository-class="Vendor\Test\TransferApiBundle\Repository\TransferFailureStatusRepository"
            name="Vendor\Test\TransferApiBundle\Entity\TransferFailureStatus" table="transfer_api_transfer_failure_statuses">

        <id name="id" type="integer" column="id">
            <generator strategy="IDENTITY"/>
        </id>
        <field name="code" column="code" nullable="true" type="string"/>
        <field name="message" column="message" nullable="true" type="string"/>
        
    </entity>
</doctrine-mapping>
