<?xml version="1.0" encoding="utf-8"?>
<doctrine-mapping xmlns="http://doctrine-project.org/schemas/orm/doctrine-mapping"
                  xmlns:xsi="http://www.w3.org/2001/XMLSchema-instance"
                  xsi:schemaLocation="http://doctrine-project.org/schemas/orm/doctrine-mapping http://doctrine-project.org/schemas/orm/doctrine-mapping.xsd">
    <entity repository-class="Vendor\Test\InheritanceApiBundle\Repository\UserLegalRepository"
            name="Vendor\Test\InheritanceApiBundle\Entity\UserLegal" table="inheritance_api_user_legals">

        <id name="id" type="integer" column="id">
            <generator strategy="IDENTITY"/>
        </id>
        <field name="companyName" column="company_name" nullable="false" type="string"/>
        <field name="companyCode" column="company_code" nullable="false" type="string"/>
        <field name="vatCode" column="vat_code" nullable="true" type="string"/>
        
    </entity>
</doctrine-mapping>
