<?xml version="1.0" encoding="utf-8"?>
<doctrine-mapping xmlns="http://doctrine-project.org/schemas/orm/doctrine-mapping"
                  xmlns:xsi="http://www.w3.org/2001/XMLSchema-instance"
                  xsi:schemaLocation="http://doctrine-project.org/schemas/orm/doctrine-mapping http://doctrine-project.org/schemas/orm/doctrine-mapping.xsd">
    <entity repository-class="Vendor\Test\InheritanceApiBundle\Repository\UserBasicRepository"
            name="Vendor\Test\InheritanceApiBundle\Entity\UserBasic" table="inheritance_api_user_basics">

        <id name="id" type="integer" column="id">
            <generator strategy="IDENTITY"/>
        </id>
        <field name="type" column="type" nullable="false" type="string"/>
        
    </entity>
</doctrine-mapping>
