<?xml version="1.0" encoding="utf-8"?>
<doctrine-mapping xmlns="http://doctrine-project.org/schemas/orm/doctrine-mapping"
                  xmlns:xsi="http://www.w3.org/2001/XMLSchema-instance"
                  xsi:schemaLocation="http://doctrine-project.org/schemas/orm/doctrine-mapping http://doctrine-project.org/schemas/orm/doctrine-mapping.xsd">
    <entity repository-class="Vendor\Test\UserInfoApiBundle\Repository\NaturalRepository"
            name="Vendor\Test\UserInfoApiBundle\Entity\Natural" table="user_info_api_naturals">

        <!--TODO: generated_code this entity uses Inheritance, you should map parent fields manually-->
        <id name="id" type="integer" column="id">
            <generator strategy="IDENTITY"/>
        </id>
        <field name="name" column="name" nullable="false" type="string"/>
        <field name="surname" column="surname" nullable="false" type="string"/>
        
    </entity>
</doctrine-mapping>
