<?xml version="1.0" ?>

<container xmlns="http://symfony.com/schema/dic/services"
           xmlns:xsi="http://www.w3.org/2001/XMLSchema-instance"
           xsi:schemaLocation="http://symfony.com/schema/dic/services http://symfony.com/schema/dic/services/services-1.0.xsd">

    <services>
        <service id="vendor_auth_api.token_manager"
                 class="Vendor\Test\AuthApiBundle\Service\TokenManager">
            <argument type="service" id="doctrine.orm.entity_manager"/>
        </service>
        <service id="vendor_auth_api.voter.token_scope"
                 class="Vendor\Test\AuthApiBundle\Voter\TokenScopeVoter"
                 parent="paysera_security.security.context_aware_scope_voter"
                 public="false">
            <tag name="security.voter"/>
        </service>
        
        
    </services>
</container>
