<?xml version="1.0" encoding="utf-8"?>
<doctrine-mapping xmlns="http://doctrine-project.org/schemas/orm/doctrine-mapping"
                  xmlns:xsi="http://www.w3.org/2001/XMLSchema-instance"
                  xsi:schemaLocation="http://doctrine-project.org/schemas/orm/doctrine-mapping http://doctrine-project.org/schemas/orm/doctrine-mapping.xsd">
    <entity repository-class="Vendor\Test\AuthApiBundle\Repository\AuthTokenRepository"
            name="Vendor\Test\AuthApiBundle\Entity\AuthToken" table="auth_api_auth_tokens">

        <id name="id" type="integer" column="id">
            <generator strategy="IDENTITY"/>
        </id>
        <field name="value" column="value" nullable="false" type="string"/>
        
    </entity>
</doctrine-mapping>
