<?xml version="1.0" ?>

<container xmlns="http://symfony.com/schema/dic/services"
           xmlns:xsi="http://www.w3.org/2001/XMLSchema-instance"
           xsi:schemaLocation="http://symfony.com/schema/dic/services http://symfony.com/schema/dic/services/services-1.0.xsd">

    <services>
        <service id="vendor_account_api.controller.account_api"
                 class="Vendor\Test\AccountApiBundle\Controller\AccountApiController">
            <argument type="service" id="vendor_account_api.account_result_provider"/>
            <argument type="service" id="vendor_account_api.account_manager"/>
            <argument type="service" id="paysera_security.service.authorization_checker"/>
            <argument type="service" id="doctrine.orm.entity_manager"/>
        </service>
        
    </services>
</container>
