<?xml version="1.0" ?>

<container xmlns="http://symfony.com/schema/dic/services"
           xmlns:xsi="http://www.w3.org/2001/XMLSchema-instance"
           xsi:schemaLocation="http://symfony.com/schema/dic/services http://symfony.com/schema/dic/services/services-1.0.xsd">

    <services>
        <service id="vendor_account_api.account_manager"
                 class="Vendor\Test\AccountApiBundle\Service\AccountManager">
            <argument type="service" id="vendor_account_api.repository.account"/>
            <argument type="service" id="doctrine.orm.entity_manager"/>
        </service>
        <service id="vendor_account_api.voter.account_scope"
                 class="Vendor\Test\AccountApiBundle\Voter\AccountScopeVoter"
                 parent="paysera_security.security.context_aware_scope_voter"
                 public="false">
            <tag name="security.voter"/>
        </service>
        
        <service id="vendor_account_api.account_result_provider"
                 class="Paysera\Bundle\RestBundle\Repository\ResultProvider">
            <argument type="service" id="vendor_account_api.repository.account"/>
        </service>
            
    </services>
</container>
