<?xml version="1.0" encoding="utf-8"?>
<doctrine-mapping xmlns="http://doctrine-project.org/schemas/orm/doctrine-mapping"
                  xmlns:xsi="http://www.w3.org/2001/XMLSchema-instance"
                  xsi:schemaLocation="http://doctrine-project.org/schemas/orm/doctrine-mapping http://doctrine-project.org/schemas/orm/doctrine-mapping.xsd">
    <entity repository-class="Vendor\Test\TransferSurveillanceApiBundle\Repository\MatcherRepository"
            name="Vendor\Test\TransferSurveillanceApiBundle\Entity\Matcher" table="transfer_surveillance_api_matchers">

        <id name="id" type="integer" column="id">
            <generator strategy="IDENTITY"/>
        </id>
        <field name="identifier" column="identifier" nullable="false" type="string"/>
        <field name="description" column="description" nullable="true" type="string"/>
        
    </entity>
</doctrine-mapping>
