<?xml version="1.0" encoding="utf-8"?>
<doctrine-mapping xmlns="http://doctrine-project.org/schemas/orm/doctrine-mapping"
                  xmlns:xsi="http://www.w3.org/2001/XMLSchema-instance"
                  xsi:schemaLocation="http://doctrine-project.org/schemas/orm/doctrine-mapping http://doctrine-project.org/schemas/orm/doctrine-mapping.xsd">
    <entity repository-class="Vendor\Test\TransferSurveillanceApiBundle\Repository\WhitelistProfileRepository"
            name="Vendor\Test\TransferSurveillanceApiBundle\Entity\WhitelistProfile" table="transfer_surveillance_api_whitelist_profiles">

        <id name="id" type="integer" column="id">
            <generator strategy="IDENTITY"/>
        </id>
        <field name="blacklistId" column="blacklist_id" nullable="false" type="integer"/>
        <field name="externalId" column="external_id" nullable="false" type="string"/>
        
    </entity>
</doctrine-mapping>
